365951380:16409952296,123456:'Temperature':100.48256793121914
365951380:16409952296,123456:'Temperature':100.48256793121914:
365951380:16409952296,123456:'Temperature':100.48256793121914:
365951380:16409952296:'Temperature':100.48256793121914:
365951380:16409952296:'Temperature':100.48256793121914:
365951380:164099abs52296:'Temperature':100.48256793121914
365951380:164099abs52296:'Temperature':100.48256793121914
365951380:164099abs52296:'Temperature':100.48256793121914
